%!Adobe-FontList 1.20
%Locale:0x409

%BeginFont
Handler:DirectoryHandler
FontType:Type1
FontName:Acta-Black
FamilyName:Acta
StyleName:Black
MenuName:Acta Black
StyleBits:0
WeightClass:900
WidthClass:5
AngleClass:0
FullName:Acta Black
WritingScript:Roman
OutlineFileName:/Users/samantha.hoffman/Desktop/Fonts Folder/Document fonts/Acta-Black.otf
DataFormat:sfntData
UsesStandardEncoding:yes
isCFF:yes
hasSVG:no
VariableFontType:NonVariableFont
FileLength:42988
FileModTime:631553756
NameArray:0,Mac,4,Acta Black
NameArray:0,Win,1,Acta Black
NameArray:0,Win,16,Acta
%EndFont

%BeginFont
Handler:DirectoryHandler
FontType:Type1
FontName:Acta-BlackItalic
FamilyName:Acta
StyleName:Black Italic
MenuName:Acta Black
StyleBits:1
WeightClass:900
WidthClass:5
AngleClass:0
FullName:Acta Black Italic
WritingScript:Roman
OutlineFileName:/Users/samantha.hoffman/Desktop/Fonts Folder/Document fonts/Acta-BlackItalic.otf
DataFormat:sfntData
UsesStandardEncoding:yes
isCFF:yes
hasSVG:no
VariableFontType:NonVariableFont
FileLength:69572
FileModTime:631553756
NameArray:0,Mac,4,Acta Black Italic
NameArray:0,Win,1,Acta Black
NameArray:0,Win,16,Acta
%EndFont

%BeginFont
Handler:DirectoryHandler
FontType:Type1
FontName:Acta-Bold
FamilyName:Acta
StyleName:Bold
MenuName:Acta Bold
StyleBits:0
WeightClass:700
WidthClass:5
AngleClass:0
FullName:Acta Bold
WritingScript:Roman
OutlineFileName:/Users/samantha.hoffman/Desktop/Fonts Folder/Document fonts/Acta-Bold.otf
DataFormat:sfntData
UsesStandardEncoding:yes
isCFF:yes
hasSVG:no
VariableFontType:NonVariableFont
FileLength:44192
FileModTime:631553756
NameArray:0,Mac,4,Acta Bold
NameArray:0,Win,1,Acta Bold
NameArray:0,Win,16,Acta
%EndFont

%BeginFont
Handler:DirectoryHandler
FontType:Type1
FontName:Acta-BoldItalic
FamilyName:Acta
StyleName:Bold Italic
MenuName:Acta Bold
StyleBits:1
WeightClass:700
WidthClass:5
AngleClass:0
FullName:Acta Bold Italic
WritingScript:Roman
OutlineFileName:/Users/samantha.hoffman/Desktop/Fonts Folder/Document fonts/Acta-BoldItalic.otf
DataFormat:sfntData
UsesStandardEncoding:yes
isCFF:yes
hasSVG:no
VariableFontType:NonVariableFont
FileLength:69792
FileModTime:631553756
NameArray:0,Mac,4,Acta Bold Italic
NameArray:0,Win,1,Acta Bold
NameArray:0,Win,16,Acta
%EndFont

%BeginFont
Handler:DirectoryHandler
FontType:Type1
FontName:Acta-Book
FamilyName:Acta
StyleName:Book
MenuName:Acta Book
StyleBits:0
WeightClass:400
WidthClass:5
AngleClass:0
FullName:Acta Book
WritingScript:Roman
OutlineFileName:/Users/samantha.hoffman/Desktop/Fonts Folder/Document fonts/Acta-Book.otf
DataFormat:sfntData
UsesStandardEncoding:yes
isCFF:yes
hasSVG:no
VariableFontType:NonVariableFont
FileLength:44592
FileModTime:631553756
NameArray:0,Mac,4,Acta Book
NameArray:0,Win,1,Acta Book
NameArray:0,Win,16,Acta
%EndFont

%BeginFont
Handler:DirectoryHandler
FontType:Type1
FontName:Acta-BookItalic
FamilyName:Acta
StyleName:Book Italic
MenuName:Acta Book
StyleBits:1
WeightClass:400
WidthClass:5
AngleClass:0
FullName:Acta Book Italic
WritingScript:Roman
OutlineFileName:/Users/samantha.hoffman/Desktop/Fonts Folder/Document fonts/Acta-BookItalic.otf
DataFormat:sfntData
UsesStandardEncoding:yes
isCFF:yes
hasSVG:no
VariableFontType:NonVariableFont
FileLength:70088
FileModTime:631553756
NameArray:0,Mac,4,Acta Book Italic
NameArray:0,Win,1,Acta Book
NameArray:0,Win,16,Acta
%EndFont

%BeginFont
Handler:DirectoryHandler
FontType:Type1
FontName:Acta-ExtraBold
FamilyName:Acta
StyleName:ExtraBold
MenuName:Acta ExtraBold
StyleBits:0
WeightClass:800
WidthClass:5
AngleClass:0
FullName:Acta ExtraBold
WritingScript:Roman
OutlineFileName:/Users/samantha.hoffman/Desktop/Fonts Folder/Document fonts/Acta-ExtraBold.otf
DataFormat:sfntData
UsesStandardEncoding:yes
isCFF:yes
hasSVG:no
VariableFontType:NonVariableFont
FileLength:44480
FileModTime:631553756
NameArray:0,Mac,4,Acta ExtraBold
NameArray:0,Win,1,Acta ExtraBold
NameArray:0,Win,16,Acta
%EndFont

%BeginFont
Handler:DirectoryHandler
FontType:Type1
FontName:Acta-ExtraBoldItalic
FamilyName:Acta
StyleName:ExtraBold Italic
MenuName:Acta ExtraBold
StyleBits:1
WeightClass:800
WidthClass:5
AngleClass:0
FullName:Acta ExtraBold Italic
WritingScript:Roman
OutlineFileName:/Users/samantha.hoffman/Desktop/Fonts Folder/Document fonts/Acta-ExtraBoldItalic.otf
DataFormat:sfntData
UsesStandardEncoding:yes
isCFF:yes
hasSVG:no
VariableFontType:NonVariableFont
FileLength:69760
FileModTime:631553756
NameArray:0,Mac,4,Acta ExtraBold Italic
NameArray:0,Win,1,Acta ExtraBold
NameArray:0,Win,16,Acta
%EndFont

%BeginFont
Handler:DirectoryHandler
FontType:Type1
FontName:Acta-Light
FamilyName:Acta
StyleName:Light
MenuName:Acta Light
StyleBits:0
WeightClass:300
WidthClass:5
AngleClass:0
FullName:Acta Light
WritingScript:Roman
OutlineFileName:/Users/samantha.hoffman/Desktop/Fonts Folder/Document fonts/Acta-Light.otf
DataFormat:sfntData
UsesStandardEncoding:yes
isCFF:yes
hasSVG:no
VariableFontType:NonVariableFont
FileLength:43168
FileModTime:631553756
NameArray:0,Mac,4,Acta Light
NameArray:0,Win,1,Acta Light
NameArray:0,Win,16,Acta
%EndFont

%BeginFont
Handler:DirectoryHandler
FontType:Type1
FontName:Acta-LightItalic
FamilyName:Acta
StyleName:Light Italic
MenuName:Acta Light
StyleBits:1
WeightClass:300
WidthClass:5
AngleClass:0
FullName:Acta Light Italic
WritingScript:Roman
OutlineFileName:/Users/samantha.hoffman/Desktop/Fonts Folder/Document fonts/Acta-LightItalic.otf
DataFormat:sfntData
UsesStandardEncoding:yes
isCFF:yes
hasSVG:no
VariableFontType:NonVariableFont
FileLength:70236
FileModTime:631553756
NameArray:0,Mac,4,Acta Light Italic
NameArray:0,Win,1,Acta Light
NameArray:0,Win,16,Acta
%EndFont

%BeginFont
Handler:DirectoryHandler
FontType:Type1
FontName:Acta-Medium
FamilyName:Acta
StyleName:Medium
MenuName:Acta Medium
StyleBits:0
WeightClass:500
WidthClass:5
AngleClass:0
FullName:Acta Medium
WritingScript:Roman
OutlineFileName:/Users/samantha.hoffman/Desktop/Fonts Folder/Document fonts/Acta-Medium.otf
DataFormat:sfntData
UsesStandardEncoding:yes
isCFF:yes
hasSVG:no
VariableFontType:NonVariableFont
FileLength:44536
FileModTime:631553756
NameArray:0,Mac,4,Acta Medium
NameArray:0,Win,1,Acta Medium
NameArray:0,Win,16,Acta
%EndFont

%BeginFont
Handler:DirectoryHandler
FontType:Type1
FontName:Acta-MediumItalic
FamilyName:Acta
StyleName:Medium Italic
MenuName:Acta Medium
StyleBits:1
WeightClass:500
WidthClass:5
AngleClass:0
FullName:Acta Medium Italic
WritingScript:Roman
OutlineFileName:/Users/samantha.hoffman/Desktop/Fonts Folder/Document fonts/Acta-MediumItalic.otf
DataFormat:sfntData
UsesStandardEncoding:yes
isCFF:yes
hasSVG:no
VariableFontType:NonVariableFont
FileLength:70052
FileModTime:631553756
NameArray:0,Mac,4,Acta Medium Italic
NameArray:0,Win,1,Acta Medium
NameArray:0,Win,16,Acta
%EndFont

%BeginFont
Handler:DirectoryHandler
FontType:Invalid
OutlineFileName:/Users/samantha.hoffman/Desktop/Fonts Folder/Document fonts/AdobeFnt21.lst
FileLength:16180
FileModTime:631554739
%EndFont

%BeginFont
Handler:DirectoryHandler
FontType:Type1
FontName:Rotunda-Black
FamilyName:Rotunda
StyleName:Black
MenuName:Rotunda ExtBd-Black
StyleBits:2
WeightClass:900
WidthClass:5
AngleClass:0
FullName:Rotunda Black
WritingScript:Roman
OutlineFileName:/Users/samantha.hoffman/Desktop/Fonts Folder/Document fonts/Rotunda-Black.otf
DataFormat:sfntData
UsesStandardEncoding:yes
isCFF:yes
hasSVG:no
VariableFontType:NonVariableFont
FileLength:74804
FileModTime:631553748
NameArray:0,Mac,4,Rotunda Black
NameArray:0,Win,1,Rotunda ExtBd-Black
NameArray:0,Win,16,Rotunda
%EndFont

%BeginFont
Handler:DirectoryHandler
FontType:Type1
FontName:Rotunda-BlackItalic
FamilyName:Rotunda
StyleName:Black Italic
MenuName:Rotunda ExtBd-Black
StyleBits:3
WeightClass:900
WidthClass:5
AngleClass:0
FullName:Rotunda Black Italic
WritingScript:Roman
OutlineFileName:/Users/samantha.hoffman/Desktop/Fonts Folder/Document fonts/Rotunda-BlackItalic.otf
DataFormat:sfntData
UsesStandardEncoding:yes
isCFF:yes
hasSVG:no
VariableFontType:NonVariableFont
FileLength:77456
FileModTime:631553748
NameArray:0,Mac,4,Rotunda Black Italic
NameArray:0,Win,1,Rotunda ExtBd-Black
NameArray:0,Win,16,Rotunda
%EndFont

%BeginFont
Handler:DirectoryHandler
FontType:Type1
FontName:Rotunda-Bold
FamilyName:Rotunda
StyleName:Bold
MenuName:Rotunda Reg-Bold
StyleBits:2
WeightClass:700
WidthClass:5
AngleClass:0
FullName:Rotunda Bold
WritingScript:Roman
OutlineFileName:/Users/samantha.hoffman/Desktop/Fonts Folder/Document fonts/Rotunda-Bold.otf
DataFormat:sfntData
UsesStandardEncoding:yes
isCFF:yes
hasSVG:no
VariableFontType:NonVariableFont
FileLength:74920
FileModTime:631553748
NameArray:0,Mac,4,Rotunda Bold
NameArray:0,Win,1,Rotunda Reg-Bold
NameArray:0,Win,16,Rotunda
%EndFont

%BeginFont
Handler:DirectoryHandler
FontType:Type1
FontName:Rotunda-BoldItalic
FamilyName:Rotunda
StyleName:Bold Italic
MenuName:Rotunda Reg-Bold
StyleBits:3
WeightClass:700
WidthClass:5
AngleClass:0
FullName:Rotunda Bold Italic
WritingScript:Roman
OutlineFileName:/Users/samantha.hoffman/Desktop/Fonts Folder/Document fonts/Rotunda-BoldItalic.otf
DataFormat:sfntData
UsesStandardEncoding:yes
isCFF:yes
hasSVG:no
VariableFontType:NonVariableFont
FileLength:76644
FileModTime:631553748
NameArray:0,Mac,4,Rotunda Bold Italic
NameArray:0,Win,1,Rotunda Reg-Bold
NameArray:0,Win,16,Rotunda
%EndFont

%BeginFont
Handler:DirectoryHandler
FontType:Type1
FontName:Rotunda-ExtraBold
FamilyName:Rotunda
StyleName:ExtraBold
MenuName:Rotunda ExtBd-Black
StyleBits:0
WeightClass:800
WidthClass:5
AngleClass:0
FullName:Rotunda ExtraBold
WritingScript:Roman
OutlineFileName:/Users/samantha.hoffman/Desktop/Fonts Folder/Document fonts/Rotunda-ExtraBold.otf
DataFormat:sfntData
UsesStandardEncoding:yes
isCFF:yes
hasSVG:no
VariableFontType:NonVariableFont
FileLength:72728
FileModTime:631553748
NameArray:0,Mac,4,Rotunda ExtraBold
NameArray:0,Win,1,Rotunda ExtBd-Black
NameArray:0,Win,16,Rotunda
%EndFont

%BeginFont
Handler:DirectoryHandler
FontType:Type1
FontName:Rotunda-ExtraBoldItalic
FamilyName:Rotunda
StyleName:Extra Bold Italic
MenuName:Rotunda ExtBd-Black
StyleBits:1
WeightClass:800
WidthClass:5
AngleClass:0
FullName:Rotunda Extra Bold Italic
WritingScript:Roman
OutlineFileName:/Users/samantha.hoffman/Desktop/Fonts Folder/Document fonts/Rotunda-ExtraBoldItalic.otf
DataFormat:sfntData
UsesStandardEncoding:yes
isCFF:yes
hasSVG:no
VariableFontType:NonVariableFont
FileLength:74664
FileModTime:631553748
NameArray:0,Mac,4,Rotunda Extra Bold Italic
NameArray:0,Win,1,Rotunda ExtBd-Black
NameArray:0,Win,16,Rotunda
%EndFont

%BeginFont
Handler:DirectoryHandler
FontType:Type1
FontName:Rotunda-Hairline
FamilyName:Rotunda
StyleName:Hairline
MenuName:Rotunda Hair-Light
StyleBits:0
WeightClass:100
WidthClass:5
AngleClass:0
FullName:Rotunda Hairline
WritingScript:Roman
OutlineFileName:/Users/samantha.hoffman/Desktop/Fonts Folder/Document fonts/Rotunda-Hairline.otf
DataFormat:sfntData
UsesStandardEncoding:yes
isCFF:yes
hasSVG:no
VariableFontType:NonVariableFont
FileLength:74256
FileModTime:631553748
NameArray:0,Mac,4,Rotunda Hairline
NameArray:0,Win,1,Rotunda Hair-Light
NameArray:0,Win,16,Rotunda
%EndFont

%BeginFont
Handler:DirectoryHandler
FontType:Type1
FontName:Rotunda-HairlineItalic
FamilyName:Rotunda
StyleName:Hairline Italic
MenuName:Rotunda Hair-Light
StyleBits:1
WeightClass:100
WidthClass:5
AngleClass:0
FullName:Rotunda Hairline Italic
WritingScript:Roman
OutlineFileName:/Users/samantha.hoffman/Desktop/Fonts Folder/Document fonts/Rotunda-HairlineItalic.otf
DataFormat:sfntData
UsesStandardEncoding:yes
isCFF:yes
hasSVG:no
VariableFontType:NonVariableFont
FileLength:75344
FileModTime:631553748
NameArray:0,Mac,4,Rotunda Hairline Italic
NameArray:0,Win,1,Rotunda Hair-Light
NameArray:0,Win,16,Rotunda
%EndFont

%BeginFont
Handler:DirectoryHandler
FontType:Type1
FontName:Rotunda-Light
FamilyName:Rotunda
StyleName:Light
MenuName:Rotunda Hair-Light
StyleBits:2
WeightClass:300
WidthClass:5
AngleClass:0
FullName:Rotunda Light
WritingScript:Roman
OutlineFileName:/Users/samantha.hoffman/Desktop/Fonts Folder/Document fonts/Rotunda-Light.otf
DataFormat:sfntData
UsesStandardEncoding:yes
isCFF:yes
hasSVG:no
VariableFontType:NonVariableFont
FileLength:74180
FileModTime:631553748
NameArray:0,Mac,4,Rotunda Light
NameArray:0,Win,1,Rotunda Hair-Light
NameArray:0,Win,16,Rotunda
%EndFont

%BeginFont
Handler:DirectoryHandler
FontType:Type1
FontName:Rotunda-LightItalic
FamilyName:Rotunda
StyleName:Light Italic
MenuName:Rotunda Hair-Light
StyleBits:3
WeightClass:300
WidthClass:5
AngleClass:0
FullName:Rotunda Light Italic
WritingScript:Roman
OutlineFileName:/Users/samantha.hoffman/Desktop/Fonts Folder/Document fonts/Rotunda-LightItalic.otf
DataFormat:sfntData
UsesStandardEncoding:yes
isCFF:yes
hasSVG:no
VariableFontType:NonVariableFont
FileLength:76116
FileModTime:631553748
NameArray:0,Mac,4,Rotunda Light Italic
NameArray:0,Win,1,Rotunda Hair-Light
NameArray:0,Win,16,Rotunda
%EndFont

%BeginFont
Handler:DirectoryHandler
FontType:Type1
FontName:Rotunda-Medium
FamilyName:Rotunda
StyleName:Medium
MenuName:Rotunda Thin-Med
StyleBits:2
WeightClass:500
WidthClass:5
AngleClass:0
FullName:Rotunda Medium
WritingScript:Roman
OutlineFileName:/Users/samantha.hoffman/Desktop/Fonts Folder/Document fonts/Rotunda-Medium.otf
DataFormat:sfntData
UsesStandardEncoding:yes
isCFF:yes
hasSVG:no
VariableFontType:NonVariableFont
FileLength:74424
FileModTime:631553748
NameArray:0,Mac,4,Rotunda Medium
NameArray:0,Win,1,Rotunda Thin-Med
NameArray:0,Win,16,Rotunda
%EndFont

%BeginFont
Handler:DirectoryHandler
FontType:Type1
FontName:Rotunda-MediumItalic
FamilyName:Rotunda
StyleName:Medium Italic
MenuName:Rotunda Thin-Med
StyleBits:3
WeightClass:500
WidthClass:5
AngleClass:0
FullName:Rotunda Medium Italic
WritingScript:Roman
OutlineFileName:/Users/samantha.hoffman/Desktop/Fonts Folder/Document fonts/Rotunda-MediumItalic.otf
DataFormat:sfntData
UsesStandardEncoding:yes
isCFF:yes
hasSVG:no
VariableFontType:NonVariableFont
FileLength:77020
FileModTime:631553748
NameArray:0,Mac,4,Rotunda Medium Italic
NameArray:0,Win,1,Rotunda Thin-Med
NameArray:0,Win,16,Rotunda
%EndFont

%BeginFont
Handler:DirectoryHandler
FontType:Type1
FontName:Rotunda-Regular
FamilyName:Rotunda
StyleName:Regular
MenuName:Rotunda Reg-Bold
StyleBits:0
WeightClass:400
WidthClass:5
AngleClass:0
FullName:Rotunda Regular
WritingScript:Roman
OutlineFileName:/Users/samantha.hoffman/Desktop/Fonts Folder/Document fonts/Rotunda-Regular.otf
DataFormat:sfntData
UsesStandardEncoding:yes
isCFF:yes
hasSVG:no
VariableFontType:NonVariableFont
FileLength:73560
FileModTime:631553748
NameArray:0,Mac,4,Rotunda Regular
NameArray:0,Win,1,Rotunda Reg-Bold
NameArray:0,Win,16,Rotunda
%EndFont

%BeginFont
Handler:DirectoryHandler
FontType:Type1
FontName:Rotunda-RegularItalic
FamilyName:Rotunda
StyleName:Regular Italic
MenuName:Rotunda Reg-Bold
StyleBits:1
WeightClass:400
WidthClass:5
AngleClass:0
FullName:Rotunda Regular Italic
WritingScript:Roman
OutlineFileName:/Users/samantha.hoffman/Desktop/Fonts Folder/Document fonts/Rotunda-RegularItalic.otf
DataFormat:sfntData
UsesStandardEncoding:yes
isCFF:yes
hasSVG:no
VariableFontType:NonVariableFont
FileLength:78096
FileModTime:631553748
NameArray:0,Mac,4,Rotunda Regular Italic
NameArray:0,Win,1,Rotunda Reg-Bold
NameArray:0,Win,16,Rotunda
%EndFont

%BeginFont
Handler:DirectoryHandler
FontType:Type1
FontName:Rotunda-Thin
FamilyName:Rotunda
StyleName:Thin
MenuName:Rotunda Thin-Med
StyleBits:0
WeightClass:100
WidthClass:5
AngleClass:0
FullName:Rotunda Thin
WritingScript:Roman
OutlineFileName:/Users/samantha.hoffman/Desktop/Fonts Folder/Document fonts/Rotunda-Thin.otf
DataFormat:sfntData
UsesStandardEncoding:yes
isCFF:yes
hasSVG:no
VariableFontType:NonVariableFont
FileLength:74148
FileModTime:631553748
NameArray:0,Mac,4,Rotunda Thin
NameArray:0,Win,1,Rotunda Thin-Med
NameArray:0,Win,16,Rotunda
%EndFont

%BeginFont
Handler:DirectoryHandler
FontType:Type1
FontName:Rotunda-ThinItalic
FamilyName:Rotunda
StyleName:Thin Italic
MenuName:Rotunda Thin-Med
StyleBits:1
WeightClass:100
WidthClass:5
AngleClass:0
FullName:Rotunda Thin Italic
WritingScript:Roman
OutlineFileName:/Users/samantha.hoffman/Desktop/Fonts Folder/Document fonts/Rotunda-ThinItalic.otf
DataFormat:sfntData
UsesStandardEncoding:yes
isCFF:yes
hasSVG:no
VariableFontType:NonVariableFont
FileLength:76172
FileModTime:631553748
NameArray:0,Mac,4,Rotunda Thin Italic
NameArray:0,Win,1,Rotunda Thin-Med
NameArray:0,Win,16,Rotunda
%EndFont

